src/payload.config.ts(8,23): error TS2306: File 'C:/Users/Pixelab/galaxy-tech-cms/src/collections/Users.ts' is not a module.
src/payload.config.ts(9,23): error TS2306: File 'C:/Users/Pixelab/galaxy-tech-cms/src/collections/Media.ts' is not a module.
